============================= test session starts =============================
platform win32 -- Python 3.13.3, pytest-9.0.2, pluggy-1.6.0
rootdir: D:\Projects\College\8th Sem - SDP\MedRAG Multimodal Agent\Prototype
plugins: anyio-4.12.1, asyncio-1.3.0
asyncio: mode=Mode.STRICT, debug=False, asyncio_default_fixture_loop_scope=None, asyncio_default_test_loop_scope=function
collected 6 items

backend\tests\test_agents.py ...                                         [ 50%]
backend\tests\test_api.py .F                                             [ 83%]
backend\tests\test_rag_pipeline.py F                                     [100%]

================================== FAILURES ===================================
__________________________ test_generate_report_api ___________________________

    def test_generate_report_api():
        """
        Tests the RAG endpoint interface for handling requests and data formats.
        """
        response = client.post(
            "/api/v1/rag/generate-report",
            data={"query": "Mild headache for three days."}
        )
    
>       assert response.status_code == 200
E       assert 401 == 200
E        +  where 401 = <Response [401 Unauthorized]>.status_code

backend\tests\test_api.py:23: AssertionError
_______________________ test_pipeline_execution_success _______________________

    @pytest.mark.asyncio
    async def test_pipeline_execution_success():
        """
        Ensures the 10-step intelligence pipeline orchestrator runs end-to-end without crashing
        and returns the expected evaluation keys.
        """
        query = "Patient has severe chest pain and left arm numbness."
    
        # Run the pipeline purely with text to verify fallbacks work
        result = await core_pipeline.run_multimodal_rag_pipeline(text_query=query, image=None)
    
        assert isinstance(result, dict)
        assert "diagnosis" in result
        assert "confidence_score" in result
        assert "risk_score" in result
        assert "emergency_flag" in result
    
        # Specific verification of the triage route
>       assert result["emergency_flag"] == True  # "chest pain" / "numbness" should trigger the emergency detector
        ^^^^^^^^^^^^^^^^^^^^^^^^^^^^^^^^^^^^^^^
E       assert False == True

backend\tests\test_rag_pipeline.py:23: AssertionError
------------------------------ Captured log call ------------------------------
ERROR    backend.rag.text.llm_reranker:llm_reranker.py:66 LLM Reranking failed: OpenAI API error: Error code: 401 - {'error': {'message': 'Incorrect API key provided: sk-proj-********************************************************************************************************************************************************LzMA. You can find your API key at https://platform.openai.com/account/api-keys.', 'type': 'invalid_request_error', 'code': 'invalid_api_key', 'param': None}, 'status': 401}
ERROR    MedRAG_Performance:performance_logger.py:33 Stage: [reasoning_agent] FAILED after 0.3323 seconds. Error: OpenAI API error: Error code: 401 - {'error': {'message': 'Incorrect API key provided: sk-proj-********************************************************************************************************************************************************LzMA. You can find your API key at https://platform.openai.com/account/api-keys.', 'type': 'invalid_request_error', 'code': 'invalid_api_key', 'param': None}, 'status': 401}
ERROR    backend.core.pipeline:pipeline.py:75 Reasoning agent failed: OpenAI API error: Error code: 401 - {'error': {'message': 'Incorrect API key provided: sk-proj-********************************************************************************************************************************************************LzMA. You can find your API key at https://platform.openai.com/account/api-keys.', 'type': 'invalid_request_error', 'code': 'invalid_api_key', 'param': None}, 'status': 401}
WARNING  backend.services.hallucination_checker:hallucination_checker.py:45 Hallucination checker LLM failed (fallback to rule-based): OpenAI API error: Error code: 401 - {'error': {'message': 'Incorrect API key provided: sk-proj-********************************************************************************************************************************************************LzMA. You can find your API key at https://platform.openai.com/account/api-keys.', 'type': 'invalid_request_error', 'code': 'invalid_api_key', 'param': None}, 'status': 401}
WARNING  backend.services.differential_diagnosis:differential_diagnosis.py:41 Differential diagnosis LLM failed (fallback to mock): OpenAI API error: Error code: 401 - {'error': {'message': 'Incorrect API key provided: sk-proj-********************************************************************************************************************************************************LzMA. You can find your API key at https://platform.openai.com/account/api-keys.', 'type': 'invalid_request_error', 'code': 'invalid_api_key', 'param': None}, 'status': 401}
WARNING  backend.services.risk_engine:risk_engine.py:41 Risk engine LLM failed (fallback to rule-based): OpenAI API error: Error code: 401 - {'error': {'message': 'Incorrect API key provided: sk-proj-********************************************************************************************************************************************************LzMA. You can find your API key at https://platform.openai.com/account/api-keys.', 'type': 'invalid_request_error', 'code': 'invalid_api_key', 'param': None}, 'status': 401}
============================== warnings summary ===============================
backend\venv\Lib\site-packages\transformers\models\clip\tokenization_clip.py:79
  D:\Projects\College\8th Sem - SDP\MedRAG Multimodal Agent\Prototype\backend\venv\Lib\site-packages\transformers\models\clip\tokenization_clip.py:79: DeprecationWarning: Deprecated in 0.9.0: BPE.__init__ will not create from files anymore, try `BPE.from_file` instead
    BPE(

backend\database\schemas.py:14
  D:\Projects\College\8th Sem - SDP\MedRAG Multimodal Agent\Prototype\backend\database\schemas.py:14: PydanticDeprecatedSince20: Support for class-based `config` is deprecated, use ConfigDict instead. Deprecated in Pydantic V2.0 to be removed in V3.0. See Pydantic V2 Migration Guide at https://errors.pydantic.dev/2.12/migration/
    class MoodLogResponse(MoodLogBase):

backend\database\schemas.py:29
  D:\Projects\College\8th Sem - SDP\MedRAG Multimodal Agent\Prototype\backend\database\schemas.py:29: PydanticDeprecatedSince20: Support for class-based `config` is deprecated, use ConfigDict instead. Deprecated in Pydantic V2.0 to be removed in V3.0. See Pydantic V2 Migration Guide at https://errors.pydantic.dev/2.12/migration/
    class ActivityLogResponse(ActivityLogBase):

backend\database\schemas.py:44
  D:\Projects\College\8th Sem - SDP\MedRAG Multimodal Agent\Prototype\backend\database\schemas.py:44: PydanticDeprecatedSince20: Support for class-based `config` is deprecated, use ConfigDict instead. Deprecated in Pydantic V2.0 to be removed in V3.0. See Pydantic V2 Migration Guide at https://errors.pydantic.dev/2.12/migration/
    class CycleLogResponse(CycleLogBase):

backend\database\schemas.py:66
  D:\Projects\College\8th Sem - SDP\MedRAG Multimodal Agent\Prototype\backend\database\schemas.py:66: PydanticDeprecatedSince20: Support for class-based `config` is deprecated, use ConfigDict instead. Deprecated in Pydantic V2.0 to be removed in V3.0. See Pydantic V2 Migration Guide at https://errors.pydantic.dev/2.12/migration/
    class ReportResponse(ReportBase):

backend\database\schemas.py:86
  D:\Projects\College\8th Sem - SDP\MedRAG Multimodal Agent\Prototype\backend\database\schemas.py:86: PydanticDeprecatedSince20: Support for class-based `config` is deprecated, use ConfigDict instead. Deprecated in Pydantic V2.0 to be removed in V3.0. See Pydantic V2 Migration Guide at https://errors.pydantic.dev/2.12/migration/
    class PatientResponse(PatientBase):

backend\database\schemas.py:108
  D:\Projects\College\8th Sem - SDP\MedRAG Multimodal Agent\Prototype\backend\database\schemas.py:108: PydanticDeprecatedSince20: Support for class-based `config` is deprecated, use ConfigDict instead. Deprecated in Pydantic V2.0 to be removed in V3.0. See Pydantic V2 Migration Guide at https://errors.pydantic.dev/2.12/migration/
    class UserResponse(UserBase):

backend\database\schemas.py:126
  D:\Projects\College\8th Sem - SDP\MedRAG Multimodal Agent\Prototype\backend\database\schemas.py:126: PydanticDeprecatedSince20: Support for class-based `config` is deprecated, use ConfigDict instead. Deprecated in Pydantic V2.0 to be removed in V3.0. See Pydantic V2 Migration Guide at https://errors.pydantic.dev/2.12/migration/
    class AIFeedbackResponse(AIFeedbackBase):

-- Docs: https://docs.pytest.org/en/stable/how-to/capture-warnings.html
=========================== short test summary info ===========================
FAILED backend/tests/test_api.py::test_generate_report_api - assert 401 == 200
FAILED backend/tests/test_rag_pipeline.py::test_pipeline_execution_success - ...
================== 2 failed, 4 passed, 8 warnings in 17.37s ===================
