============================= test session starts =============================
platform win32 -- Python 3.13.3, pytest-9.0.2, pluggy-1.6.0
rootdir: D:\Projects\College\8th Sem - SDP\MedRAG Multimodal Agent\Prototype
plugins: anyio-4.12.1, langsmith-0.7.24, asyncio-1.3.0
asyncio: mode=Mode.STRICT, debug=False, asyncio_default_fixture_loop_scope=None, asyncio_default_test_loop_scope=function
collected 1 item

backend\tests\test_rag_pipeline.py F                                     [100%]

================================== FAILURES ===================================
_______________________ test_pipeline_execution_success _______________________

    @pytest.mark.asyncio
    async def test_pipeline_execution_success():
        """
        Ensures the 10-step intelligence pipeline orchestrator runs end-to-end without crashing
        and returns the expected evaluation keys.
        """
        query = "Patient has severe chest pain and left arm numbness."
    
        # Run the pipeline purely with text to verify fallbacks work
        result = await core_pipeline.run_multimodal_rag_pipeline(text_query=query, image=None)
    
        assert isinstance(result, dict)
        assert "diagnosis" in result
        assert "confidence_score" in result
        assert "risk_score" in result
        assert "emergency_flag" in result
    
        # Specific verification of the triage route
>       assert result["emergency_flag"] == True  # "chest pain" / "numbness" should trigger the emergency detector
        ^^^^^^^^^^^^^^^^^^^^^^^^^^^^^^^^^^^^^^^
E       assert False == True

backend\tests\test_rag_pipeline.py:23: AssertionError
---------------------------- Captured stdout call -----------------------------
Generating HyDE document...
2026-04-04 12:50:15 | ERROR    | backend.llm.openai_client:generate_completion:64 - OpenAI API error during completion: Error code: 401 - {'error': {'message': 'Incorrect API key provided: sk-proj-********************************************************************************************************************************************************LzMA. You can find your API key at https://platform.openai.com/account/api-keys.', 'type': 'invalid_request_error', 'code': 'invalid_api_key', 'param': None}, 'status': 401}
2026-04-04 12:50:17 | ERROR    | backend.llm.openai_client:generate_completion:64 - OpenAI API error during completion: Error code: 401 - {'error': {'message': 'Incorrect API key provided: sk-proj-********************************************************************************************************************************************************LzMA. You can find your API key at https://platform.openai.com/account/api-keys.', 'type': 'invalid_request_error', 'code': 'invalid_api_key', 'param': None}, 'status': 401}
2026-04-04 12:50:19 | ERROR    | backend.llm.openai_client:generate_completion:64 - OpenAI API error during completion: Error code: 401 - {'error': {'message': 'Incorrect API key provided: sk-proj-********************************************************************************************************************************************************LzMA. You can find your API key at https://platform.openai.com/account/api-keys.', 'type': 'invalid_request_error', 'code': 'invalid_api_key', 'param': None}, 'status': 401}
HyDE Generation failed, falling back to raw query: Error code: 401 - {'error': {'message': 'Incorrect API key provided: sk-proj-********************************************************************************************************************************************************LzMA. You can find your API key at https://platform.openai.com/account/api-keys.', 'type': 'invalid_request_error', 'code': 'invalid_api_key', 'param': None}, 'status': 401}
2026-04-04 12:50:20 | ERROR    | backend.llm.openai_client:generate_completion:64 - OpenAI API error during completion: Error code: 401 - {'error': {'message': 'Incorrect API key provided: sk-proj-********************************************************************************************************************************************************LzMA. You can find your API key at https://platform.openai.com/account/api-keys.', 'type': 'invalid_request_error', 'code': 'invalid_api_key', 'param': None}, 'status': 401}
2026-04-04 12:50:22 | ERROR    | backend.llm.openai_client:generate_completion:64 - OpenAI API error during completion: Error code: 401 - {'error': {'message': 'Incorrect API key provided: sk-proj-********************************************************************************************************************************************************LzMA. You can find your API key at https://platform.openai.com/account/api-keys.', 'type': 'invalid_request_error', 'code': 'invalid_api_key', 'param': None}, 'status': 401}
2026-04-04 12:50:25 | ERROR    | backend.llm.openai_client:generate_completion:64 - OpenAI API error during completion: Error code: 401 - {'error': {'message': 'Incorrect API key provided: sk-proj-********************************************************************************************************************************************************LzMA. You can find your API key at https://platform.openai.com/account/api-keys.', 'type': 'invalid_request_error', 'code': 'invalid_api_key', 'param': None}, 'status': 401}
2026-04-04 12:50:25 | ERROR    | backend.llm.openai_client:generate_completion:64 - OpenAI API error during completion: Error code: 401 - {'error': {'message': 'Incorrect API key provided: sk-proj-********************************************************************************************************************************************************LzMA. You can find your API key at https://platform.openai.com/account/api-keys.', 'type': 'invalid_request_error', 'code': 'invalid_api_key', 'param': None}, 'status': 401}
2026-04-04 12:50:25 | ERROR    | backend.llm.openai_client:generate_completion:64 - OpenAI API error during completion: Error code: 401 - {'error': {'message': 'Incorrect API key provided: sk-proj-********************************************************************************************************************************************************LzMA. You can find your API key at https://platform.openai.com/account/api-keys.', 'type': 'invalid_request_error', 'code': 'invalid_api_key', 'param': None}, 'status': 401}
2026-04-04 12:50:27 | ERROR    | backend.llm.openai_client:generate_completion:64 - OpenAI API error during completion: Error code: 401 - {'error': {'message': 'Incorrect API key provided: sk-proj-********************************************************************************************************************************************************LzMA. You can find your API key at https://platform.openai.com/account/api-keys.', 'type': 'invalid_request_error', 'code': 'invalid_api_key', 'param': None}, 'status': 401}
2026-04-04 12:50:28 | ERROR    | backend.llm.openai_client:generate_completion:64 - OpenAI API error during completion: Error code: 401 - {'error': {'message': 'Incorrect API key provided: sk-proj-********************************************************************************************************************************************************LzMA. You can find your API key at https://platform.openai.com/account/api-keys.', 'type': 'invalid_request_error', 'code': 'invalid_api_key', 'param': None}, 'status': 401}
2026-04-04 12:50:30 | ERROR    | backend.llm.openai_client:generate_completion:64 - OpenAI API error during completion: Error code: 401 - {'error': {'message': 'Incorrect API key provided: sk-proj-********************************************************************************************************************************************************LzMA. You can find your API key at https://platform.openai.com/account/api-keys.', 'type': 'invalid_request_error', 'code': 'invalid_api_key', 'param': None}, 'status': 401}
2026-04-04 12:50:30 | ERROR    | backend.llm.openai_client:generate_completion:64 - OpenAI API error during completion: Error code: 401 - {'error': {'message': 'Incorrect API key provided: sk-proj-********************************************************************************************************************************************************LzMA. You can find your API key at https://platform.openai.com/account/api-keys.', 'type': 'invalid_request_error', 'code': 'invalid_api_key', 'param': None}, 'status': 401}
------------------------------ Captured log call ------------------------------
ERROR    backend.core.agent_workflow:agent_workflow.py:68 Evidence retrieval failed: 'QdrantClient' object has no attribute 'search'
ERROR    backend.core.agent_workflow:agent_workflow.py:83 Reasoning agent failed: Error code: 401 - {'error': {'message': 'Incorrect API key provided: sk-proj-********************************************************************************************************************************************************LzMA. You can find your API key at https://platform.openai.com/account/api-keys.', 'type': 'invalid_request_error', 'code': 'invalid_api_key', 'param': None}, 'status': 401}
WARNING  backend.services.risk_engine:risk_engine.py:41 Risk engine LLM failed (fallback to rule-based): Error code: 401 - {'error': {'message': 'Incorrect API key provided: sk-proj-********************************************************************************************************************************************************LzMA. You can find your API key at https://platform.openai.com/account/api-keys.', 'type': 'invalid_request_error', 'code': 'invalid_api_key', 'param': None}, 'status': 401}
WARNING  backend.services.differential_diagnosis:differential_diagnosis.py:41 Differential diagnosis LLM failed (fallback to mock): Error code: 401 - {'error': {'message': 'Incorrect API key provided: sk-proj-********************************************************************************************************************************************************LzMA. You can find your API key at https://platform.openai.com/account/api-keys.', 'type': 'invalid_request_error', 'code': 'invalid_api_key', 'param': None}, 'status': 401}
============================== warnings summary ===============================
backend\venv\Lib\site-packages\transformers\models\clip\tokenization_clip.py:79
  D:\Projects\College\8th Sem - SDP\MedRAG Multimodal Agent\Prototype\backend\venv\Lib\site-packages\transformers\models\clip\tokenization_clip.py:79: DeprecationWarning: Deprecated in 0.9.0: BPE.__init__ will not create from files anymore, try `BPE.from_file` instead
    BPE(

-- Docs: https://docs.pytest.org/en/stable/how-to/capture-warnings.html
=========================== short test summary info ===========================
FAILED backend/tests/test_rag_pipeline.py::test_pipeline_execution_success - ...
======================== 1 failed, 1 warning in 30.89s ========================
